[2026-08-18T23:39:43.256Z] GET file:///Users/devpark/KimMuGan/account_CD/cleandino.github.io/apps/index.html → 200 (4ms, 14547B)
[2026-08-18T23:39:43.266Z] GET file:///Users/devpark/KimMuGan/account_CD/cleandino.github.io/apps/style.css → 200 (1ms, 14023B)
[2026-08-18T23:39:43.266Z] GET https://fonts.googleapis.com/css2?family=Inter:wght@300;400;500;600;700;800&display=swap → 200 (328ms, 15042B)
[2026-08-18T23:39:43.266Z] GET file:///Users/devpark/KimMuGan/account_CD/cleandino.github.io/apps/images/cleandino_logo_512.png → 200 (1ms, 29653B)
[2026-08-18T23:39:43.266Z] GET file:///Users/devpark/KimMuGan/account_CD/cleandino.github.io/apps/images/filmstamp-icon.png → 200 (3ms, 82963B)
[2026-08-18T23:39:43.266Z] GET file:///Users/devpark/KimMuGan/account_CD/cleandino.github.io/apps/images/long-hsk-icon.png → 200 (3ms, 500955B)
[2026-08-18T23:39:43.266Z] GET file:///Users/devpark/KimMuGan/account_CD/cleandino.github.io/apps/images/raku-jlpt-icon.png → 200 (4ms, 466407B)
[2026-08-18T23:39:43.266Z] GET file:///Users/devpark/KimMuGan/account_CD/cleandino.github.io/apps/images/sae-topik-icon.png → 200 (4ms, 496760B)
[2026-08-18T23:39:43.267Z] GET file:///Users/devpark/KimMuGan/account_CD/cleandino.github.io/apps/images/my-urls-icon.png → 200 (3ms, 77324B)
[2026-08-18T23:39:43.267Z] GET file:///Users/devpark/KimMuGan/account_CD/cleandino.github.io/apps/images/rush-hour-kitchen-icon.png → 200 (3ms, 371917B)
[2026-08-18T23:39:43.267Z] GET file:///Users/devpark/KimMuGan/account_CD/cleandino.github.io/apps/images/age-calc-icon.png → 200 (3ms, 221431B)
[2026-08-18T23:39:43.267Z] GET file:///Users/devpark/KimMuGan/account_CD/cleandino.github.io/apps/images/my-home-size-icon.png → 200 (3ms, 112834B)
[2026-08-18T23:39:43.267Z] GET file:///Users/devpark/KimMuGan/account_CD/cleandino.github.io/apps/script.js → 200 (11ms, 54374B)
[2026-08-18T23:39:43.656Z] GET https://fonts.gstatic.com/s/inter/v20/UcC73FwrK3iLTeHuS_nVMrMxCp50SjIa1ZL7W0Q5nw.woff2 → pending (?ms, ?B)
[2026-08-18T23:39:50.557Z] GET file:///Users/devpark/KimMuGan/account_CD/cleandino.github.io/apps/index.html → 200 (?ms, 14547B)
[2026-08-18T23:39:50.562Z] GET file:///Users/devpark/KimMuGan/account_CD/cleandino.github.io/apps/style.css → 200 (?ms, 14023B)
[2026-08-18T23:39:50.562Z] GET https://fonts.googleapis.com/css2?family=Inter:wght@300;400;500;600;700;800&display=swap → 200 (1ms, 15042B)
[2026-08-18T23:39:50.562Z] GET file:///Users/devpark/KimMuGan/account_CD/cleandino.github.io/apps/images/cleandino_logo_512.png → 200 (1ms, 29653B)
[2026-08-18T23:39:50.562Z] GET file:///Users/devpark/KimMuGan/account_CD/cleandino.github.io/apps/images/filmstamp-icon.png → 200 (1ms, 82963B)
[2026-08-18T23:39:50.562Z] GET file:///Users/devpark/KimMuGan/account_CD/cleandino.github.io/apps/images/long-hsk-icon.png → 200 (1ms, 500955B)
[2026-08-18T23:39:50.562Z] GET file:///Users/devpark/KimMuGan/account_CD/cleandino.github.io/apps/images/raku-jlpt-icon.png → 200 (1ms, 466407B)
[2026-08-18T23:39:50.562Z] GET file:///Users/devpark/KimMuGan/account_CD/cleandino.github.io/apps/images/sae-topik-icon.png → 200 (1ms, 496760B)
[2026-08-18T23:39:50.562Z] GET file:///Users/devpark/KimMuGan/account_CD/cleandino.github.io/apps/images/my-urls-icon.png → 200 (1ms, 77324B)
[2026-08-18T23:39:50.562Z] GET file:///Users/devpark/KimMuGan/account_CD/cleandino.github.io/apps/images/rush-hour-kitchen-icon.png → 200 (1ms, 371917B)
[2026-08-18T23:39:50.562Z] GET file:///Users/devpark/KimMuGan/account_CD/cleandino.github.io/apps/images/age-calc-icon.png → 200 (1ms, 221431B)
[2026-08-18T23:39:50.562Z] GET file:///Users/devpark/KimMuGan/account_CD/cleandino.github.io/apps/images/my-home-size-icon.png → 200 (2ms, 112834B)
[2026-08-18T23:39:50.562Z] GET file:///Users/devpark/KimMuGan/account_CD/cleandino.github.io/apps/script.js → 200 (6ms, 54374B)
[2026-08-18T23:39:50.571Z] GET https://fonts.gstatic.com/s/inter/v20/UcC73FwrK3iLTeHuS_nVMrMxCp50SjIa1ZL7W0Q5nw.woff2 → 200 (?ms, 48432B)
[2026-08-18T23:39:50.772Z] GET file:///Users/devpark/KimMuGan/account_CD/cleandino.github.io/apps/long-hsk/index.html → 200 (1ms, 7890B)
[2026-08-18T23:39:50.775Z] GET file:///Users/devpark/KimMuGan/account_CD/cleandino.github.io/apps/style.css → 200 (?ms, 14023B)
[2026-08-18T23:39:50.775Z] GET https://fonts.googleapis.com/css2?family=Inter:wght@300;400;500;600;700;800&display=swap → 200 (2ms, 15042B)
[2026-08-18T23:39:50.775Z] GET file:///Users/devpark/KimMuGan/account_CD/cleandino.github.io/apps/images/long-hsk-icon.png → 200 (1ms, 500955B)
[2026-08-18T23:39:50.775Z] GET file:///Users/devpark/KimMuGan/account_CD/cleandino.github.io/apps/script.js → 200 (2ms, 54374B)
[2026-08-18T23:39:50.781Z] GET https://fonts.gstatic.com/s/inter/v20/UcC73FwrK3iLTeHuS_nVMrMxCp50SjIa1ZL7W0Q5nw.woff2 → 200 (1ms, 48432B)
[2026-08-18T23:40:07.155Z] GET file:///Users/devpark/KimMuGan/account_CD/cleandino.github.io/apps/index.html → 200 (1ms, 14547B)
[2026-08-18T23:40:07.161Z] GET file:///Users/devpark/KimMuGan/account_CD/cleandino.github.io/apps/style.css → 200 (1ms, ?B)
[2026-08-18T23:40:07.161Z] GET https://fonts.googleapis.com/css2?family=Inter:wght@300;400;500;600;700;800&display=swap → 200 (1ms, 15042B)
[2026-08-18T23:40:07.161Z] GET file:///Users/devpark/KimMuGan/account_CD/cleandino.github.io/apps/images/cleandino_logo_512.png → 200 (1ms, ?B)
[2026-08-18T23:40:07.161Z] GET file:///Users/devpark/KimMuGan/account_CD/cleandino.github.io/apps/images/filmstamp-icon.png → 200 (1ms, ?B)
[2026-08-18T23:40:07.161Z] GET file:///Users/devpark/KimMuGan/account_CD/cleandino.github.io/apps/images/long-hsk-icon.png → 200 (1ms, ?B)
[2026-08-18T23:40:07.161Z] GET file:///Users/devpark/KimMuGan/account_CD/cleandino.github.io/apps/images/raku-jlpt-icon.png → 200 (1ms, ?B)
[2026-08-18T23:40:07.161Z] GET file:///Users/devpark/KimMuGan/account_CD/cleandino.github.io/apps/images/sae-topik-icon.png → 200 (1ms, ?B)
[2026-08-18T23:40:07.161Z] GET file:///Users/devpark/KimMuGan/account_CD/cleandino.github.io/apps/images/my-urls-icon.png → 200 (1ms, ?B)
[2026-08-18T23:40:07.161Z] GET file:///Users/devpark/KimMuGan/account_CD/cleandino.github.io/apps/images/rush-hour-kitchen-icon.png → 200 (2ms, ?B)
[2026-08-18T23:40:07.161Z] GET file:///Users/devpark/KimMuGan/account_CD/cleandino.github.io/apps/images/age-calc-icon.png → 200 (2ms, ?B)
[2026-08-18T23:40:07.161Z] GET file:///Users/devpark/KimMuGan/account_CD/cleandino.github.io/apps/images/my-home-size-icon.png → 200 (3ms, ?B)
[2026-08-18T23:40:07.161Z] GET file:///Users/devpark/KimMuGan/account_CD/cleandino.github.io/apps/script.js → pending (?ms, ?B)
[2026-08-18T23:40:07.168Z] GET https://fonts.gstatic.com/s/inter/v20/UcC73FwrK3iLTeHuS_nVMrMxCp50SjIa1ZL7W0Q5nw.woff2 → 200 (9ms, 48432B)
[2026-08-18T23:40:35.846Z] GET file:///Users/devpark/KimMuGan/account_CD/cleandino.github.io/apps/apps/index.html → pending (?ms, ?B)
[2026-08-18T23:40:46.456Z] GET file:///Users/devpark/KimMuGan/account_CD/cleandino.github.io/apps/index.html → 200 (1ms, 14547B)
[2026-08-18T23:40:46.502Z] GET file:///Users/devpark/KimMuGan/account_CD/cleandino.github.io/apps/style.css → 200 (2ms, 14153B)
[2026-08-18T23:40:46.502Z] GET https://fonts.googleapis.com/css2?family=Inter:wght@300;400;500;600;700;800&display=swap → 200 (3ms, 15042B)
[2026-08-18T23:40:46.502Z] GET file:///Users/devpark/KimMuGan/account_CD/cleandino.github.io/apps/images/cleandino_logo_512.png → 200 (3ms, 29653B)
[2026-08-18T23:40:46.502Z] GET file:///Users/devpark/KimMuGan/account_CD/cleandino.github.io/apps/images/filmstamp-icon.png → 200 (3ms, 82963B)
[2026-08-18T23:40:46.502Z] GET file:///Users/devpark/KimMuGan/account_CD/cleandino.github.io/apps/images/long-hsk-icon.png → 200 (3ms, 500955B)
[2026-08-18T23:40:46.502Z] GET file:///Users/devpark/KimMuGan/account_CD/cleandino.github.io/apps/images/raku-jlpt-icon.png → 200 (3ms, 466407B)
[2026-08-18T23:40:46.502Z] GET file:///Users/devpark/KimMuGan/account_CD/cleandino.github.io/apps/images/sae-topik-icon.png → 200 (3ms, 496760B)
[2026-08-18T23:40:46.504Z] GET file:///Users/devpark/KimMuGan/account_CD/cleandino.github.io/apps/images/my-urls-icon.png → 200 (1ms, 77324B)
[2026-08-18T23:40:46.504Z] GET file:///Users/devpark/KimMuGan/account_CD/cleandino.github.io/apps/images/rush-hour-kitchen-icon.png → 200 (2ms, 371917B)
[2026-08-18T23:40:46.504Z] GET file:///Users/devpark/KimMuGan/account_CD/cleandino.github.io/apps/images/age-calc-icon.png → 200 (2ms, 221431B)
[2026-08-18T23:40:46.504Z] GET file:///Users/devpark/KimMuGan/account_CD/cleandino.github.io/apps/images/my-home-size-icon.png → 200 (2ms, 112834B)
[2026-08-18T23:40:46.504Z] GET file:///Users/devpark/KimMuGan/account_CD/cleandino.github.io/apps/script.js → 200 (2ms, 54374B)
[2026-08-18T23:40:46.551Z] GET https://fonts.gstatic.com/s/inter/v20/UcC73FwrK3iLTeHuS_nVMrMxCp50SjIa1ZL7W0Q5nw.woff2 → 200 (1ms, 48432B)
[2026-08-18T23:41:05.239Z] GET file:///Users/devpark/KimMuGan/account_CD/cleandino.github.io/apps/long-hsk/delete-data/index.html → 200 (1ms, 23791B)
[2026-08-18T23:41:05.243Z] GET file:///Users/devpark/KimMuGan/account_CD/cleandino.github.io/apps/style.css → 200 (?ms, 14153B)
[2026-08-18T23:41:05.243Z] GET https://fonts.googleapis.com/css2?family=Inter:wght@300;400;500;600;700;800&display=swap → 200 (?ms, 15042B)
[2026-08-18T23:41:05.250Z] GET https://fonts.gstatic.com/s/inter/v20/UcC73FwrK3iLTeHuS_nVMrMxCp50SjIa1ZL7W0Q5nw.woff2 → 200 (?ms, 48432B)
[2026-08-18T23:41:06.369Z] GET file:///Users/devpark/KimMuGan/account_CD/cleandino.github.io/apps/rush-hour-kitchen/index.html → 200 (?ms, 8635B)
[2026-08-18T23:41:06.372Z] GET file:///Users/devpark/KimMuGan/account_CD/cleandino.github.io/apps/style.css → 200 (?ms, 14153B)
[2026-08-18T23:41:06.372Z] GET https://fonts.googleapis.com/css2?family=Inter:wght@300;400;500;600;700;800&display=swap → 200 (?ms, 15042B)
[2026-08-18T23:41:06.372Z] GET file:///Users/devpark/KimMuGan/account_CD/cleandino.github.io/apps/images/rush-hour-kitchen-icon.png → 200 (?ms, 371917B)
[2026-08-18T23:41:06.372Z] GET file:///Users/devpark/KimMuGan/account_CD/cleandino.github.io/apps/script.js → 200 (1ms, 54374B)
[2026-08-18T23:41:06.376Z] GET https://fonts.gstatic.com/s/inter/v20/UcC73FwrK3iLTeHuS_nVMrMxCp50SjIa1ZL7W0Q5nw.woff2 → 200 (1ms, 48432B)
[2026-08-18T23:43:08.206Z] GET file:///Users/devpark/KimMuGan/account_CD/cleandino.github.io/apps/long-hsk/index.html → 200 (1ms, 7768B)
[2026-08-18T23:43:08.213Z] GET file:///Users/devpark/KimMuGan/account_CD/cleandino.github.io/apps/style.css → 200 (3ms, 14153B)
[2026-08-18T23:43:08.213Z] GET https://fonts.googleapis.com/css2?family=Inter:wght@300;400;500;600;700;800&display=swap → 200 (4ms, 15042B)
[2026-08-18T23:43:08.213Z] GET file:///Users/devpark/KimMuGan/account_CD/cleandino.github.io/apps/images/long-hsk-icon.png → 200 (4ms, 500955B)
[2026-08-18T23:43:08.213Z] GET file:///Users/devpark/KimMuGan/account_CD/cleandino.github.io/apps/script.js → 200 (4ms, 54374B)
[2026-08-18T23:43:08.218Z] GET https://fonts.gstatic.com/s/inter/v20/UcC73FwrK3iLTeHuS_nVMrMxCp50SjIa1ZL7W0Q5nw.woff2 → 200 (11ms, 48432B)
[2026-08-18T23:45:06.440Z] GET https://cleandino.github.io/apps/ → 200 (342ms, 14547B)
[2026-08-18T23:45:06.789Z] GET https://cleandino.github.io/apps/style.css → 200 (227ms, 14153B)
[2026-08-18T23:45:06.790Z] GET https://fonts.googleapis.com/css2?family=Inter:wght@300;400;500;600;700;800&display=swap → 200 (?ms, 15042B)
[2026-08-18T23:45:06.790Z] GET https://cleandino.github.io/apps/images/cleandino_logo_512.png → 200 (290ms, 29653B)
[2026-08-18T23:45:06.790Z] GET https://cleandino.github.io/apps/images/filmstamp-icon.png → 200 (281ms, 82963B)
[2026-08-18T23:45:06.790Z] GET https://cleandino.github.io/apps/images/long-hsk-icon.png → 200 (335ms, 500955B)
[2026-08-18T23:45:06.790Z] GET https://cleandino.github.io/apps/images/raku-jlpt-icon.png → 200 (335ms, ?B)
[2026-08-18T23:45:06.790Z] GET https://cleandino.github.io/apps/images/sae-topik-icon.png → 200 (335ms, 496760B)
[2026-08-18T23:45:06.790Z] GET https://cleandino.github.io/apps/images/my-urls-icon.png → 200 (335ms, 77324B)
[2026-08-18T23:45:06.790Z] GET https://cleandino.github.io/apps/images/rush-hour-kitchen-icon.png → 200 (335ms, ?B)
[2026-08-18T23:45:06.790Z] GET https://cleandino.github.io/apps/images/age-calc-icon.png → 200 (335ms, ?B)
[2026-08-18T23:45:06.790Z] GET https://cleandino.github.io/apps/images/my-home-size-icon.png → 200 (301ms, ?B)
[2026-08-18T23:45:06.790Z] GET https://cleandino.github.io/apps/script.js → 200 (301ms, 54374B)
[2026-08-18T23:45:07.071Z] GET https://fonts.gstatic.com/s/inter/v20/UcC73FwrK3iLTeHuS_nVMrMxCp50SjIa1ZL7W0Q5nw.woff2 → 200 (?ms, 48432B)
[2026-08-18T23:45:20.205Z] GET https://cleandino.github.io/apps/long-hsk/ → 200 (238ms, ?B)
[2026-08-18T23:45:20.447Z] GET https://cleandino.github.io/apps/style.css → 200 (?ms, 14153B)
[2026-08-18T23:45:20.447Z] GET https://fonts.googleapis.com/css2?family=Inter:wght@300;400;500;600;700;800&display=swap → 200 (?ms, 15042B)
[2026-08-18T23:45:20.448Z] GET https://cleandino.github.io/apps/images/long-hsk-icon.png → 200 (?ms, 500955B)
[2026-08-18T23:45:20.448Z] GET https://cleandino.github.io/apps/script.js → 200 (?ms, 54374B)
[2026-08-18T23:45:20.478Z] GET https://fonts.gstatic.com/s/inter/v20/UcC73FwrK3iLTeHuS_nVMrMxCp50SjIa1ZL7W0Q5nw.woff2 → 200 (?ms, ?B)
[2026-08-18T23:45:25.297Z] GET https://cleandino.github.io/apps/rush-hour-kitchen/ → pending (?ms, ?B)
[2026-08-18T23:45:25.539Z] GET https://cleandino.github.io/apps/style.css → 200 (?ms, 14153B)
[2026-08-18T23:45:25.540Z] GET https://fonts.googleapis.com/css2?family=Inter:wght@300;400;500;600;700;800&display=swap → 200 (?ms, 15042B)
[2026-08-18T23:45:25.540Z] GET https://cleandino.github.io/apps/images/rush-hour-kitchen-icon.png → 200 (?ms, 371917B)
[2026-08-18T23:45:25.540Z] GET https://cleandino.github.io/apps/script.js → 200 (?ms, 54374B)
[2026-08-18T23:45:25.542Z] GET https://fonts.gstatic.com/s/inter/v20/UcC73FwrK3iLTeHuS_nVMrMxCp50SjIa1ZL7W0Q5nw.woff2 → 200 (?ms, ?B)
[2026-08-18T23:52:50.308Z] GET file:///Users/devpark/KimMuGan/account_CD/cleandino.github.io/apps/long-hsk/index.html → 200 (1ms, 7966B)
[2026-08-18T23:52:50.358Z] GET file:///Users/devpark/KimMuGan/account_CD/cleandino.github.io/apps/style.css → 200 (1ms, 14088B)
[2026-08-18T23:52:50.358Z] GET https://fonts.googleapis.com/css2?family=Inter:wght@300;400;500;600;700;800&display=swap → 200 (2ms, 15042B)
[2026-08-18T23:52:50.358Z] GET file:///Users/devpark/KimMuGan/account_CD/cleandino.github.io/apps/images/long-hsk-icon.png → 200 (2ms, 500955B)
[2026-08-18T23:52:50.358Z] GET file:///Users/devpark/KimMuGan/account_CD/cleandino.github.io/apps/script.js → 200 (2ms, 67369B)
[2026-08-18T23:52:50.411Z] GET https://fonts.gstatic.com/s/inter/v20/UcC73FwrK3iLTeHuS_nVMrMxCp50SjIa1ZL7W0Q5nw.woff2 → 200 (1ms, 48432B)
[2026-08-18T23:52:51.536Z] GET file:///Users/devpark/KimMuGan/account_CD/cleandino.github.io/apps/long-hsk/index.html → 200 (1ms, 7966B)
[2026-08-18T23:52:51.540Z] GET file:///Users/devpark/KimMuGan/account_CD/cleandino.github.io/apps/style.css → 200 (?ms, 14088B)
[2026-08-18T23:52:51.540Z] GET https://fonts.googleapis.com/css2?family=Inter:wght@300;400;500;600;700;800&display=swap → 200 (1ms, 15042B)
[2026-08-18T23:52:51.540Z] GET file:///Users/devpark/KimMuGan/account_CD/cleandino.github.io/apps/images/long-hsk-icon.png → 200 (?ms, 500955B)
[2026-08-18T23:52:51.540Z] GET file:///Users/devpark/KimMuGan/account_CD/cleandino.github.io/apps/script.js → 200 (1ms, 67369B)
[2026-08-18T23:52:51.544Z] GET https://fonts.gstatic.com/s/inter/v20/UcC73FwrK3iLTeHuS_nVMrMxCp50SjIa1ZL7W0Q5nw.woff2 → 200 (2ms, 48432B)
[2026-08-18T23:52:52.288Z] GET file:///Users/devpark/KimMuGan/account_CD/cleandino.github.io/apps/long-hsk/index.html → 200 (1ms, 7966B)
[2026-08-18T23:52:52.291Z] GET file:///Users/devpark/KimMuGan/account_CD/cleandino.github.io/apps/style.css → 200 (1ms, 14088B)
[2026-08-18T23:52:52.291Z] GET https://fonts.googleapis.com/css2?family=Inter:wght@300;400;500;600;700;800&display=swap → 200 (1ms, 15042B)
[2026-08-18T23:52:52.292Z] GET file:///Users/devpark/KimMuGan/account_CD/cleandino.github.io/apps/images/long-hsk-icon.png → 200 (?ms, 500955B)
[2026-08-18T23:52:52.292Z] GET file:///Users/devpark/KimMuGan/account_CD/cleandino.github.io/apps/script.js → 200 (?ms, 67369B)
[2026-08-18T23:52:52.295Z] GET https://fonts.gstatic.com/s/inter/v20/UcC73FwrK3iLTeHuS_nVMrMxCp50SjIa1ZL7W0Q5nw.woff2 → 200 (?ms, 48432B)
[2026-08-18T23:52:53.034Z] GET file:///Users/devpark/KimMuGan/account_CD/cleandino.github.io/apps/long-hsk/index.html → 200 (1ms, 7966B)
[2026-08-18T23:52:53.037Z] GET file:///Users/devpark/KimMuGan/account_CD/cleandino.github.io/apps/style.css → 200 (?ms, 14088B)
[2026-08-18T23:52:53.037Z] GET https://fonts.googleapis.com/css2?family=Inter:wght@300;400;500;600;700;800&display=swap → 200 (1ms, 15042B)
[2026-08-18T23:52:53.037Z] GET file:///Users/devpark/KimMuGan/account_CD/cleandino.github.io/apps/images/long-hsk-icon.png → 200 (1ms, 500955B)
[2026-08-18T23:52:53.037Z] GET file:///Users/devpark/KimMuGan/account_CD/cleandino.github.io/apps/script.js → 200 (1ms, 67369B)
[2026-08-18T23:52:53.042Z] GET https://fonts.gstatic.com/s/inter/v20/UcC73FwrK3iLTeHuS_nVMrMxCp50SjIa1ZL7W0Q5nw.woff2 → 200 (1ms, 48432B)
[2026-08-18T23:52:53.783Z] GET file:///Users/devpark/KimMuGan/account_CD/cleandino.github.io/apps/long-hsk/index.html → 200 (?ms, 7966B)
[2026-08-18T23:52:53.786Z] GET file:///Users/devpark/KimMuGan/account_CD/cleandino.github.io/apps/style.css → 200 (?ms, 14088B)
[2026-08-18T23:52:53.786Z] GET https://fonts.googleapis.com/css2?family=Inter:wght@300;400;500;600;700;800&display=swap → 200 (?ms, 15042B)
[2026-08-18T23:52:53.786Z] GET file:///Users/devpark/KimMuGan/account_CD/cleandino.github.io/apps/images/long-hsk-icon.png → 200 (?ms, 500955B)
[2026-08-18T23:52:53.786Z] GET file:///Users/devpark/KimMuGan/account_CD/cleandino.github.io/apps/script.js → 200 (1ms, 67369B)
[2026-08-18T23:52:53.790Z] GET https://fonts.gstatic.com/s/inter/v20/UcC73FwrK3iLTeHuS_nVMrMxCp50SjIa1ZL7W0Q5nw.woff2 → 200 (3ms, 48432B)
[2026-08-18T23:52:54.517Z] GET file:///Users/devpark/KimMuGan/account_CD/cleandino.github.io/apps/long-hsk/index.html → 200 (?ms, 7966B)
[2026-08-18T23:52:54.520Z] GET file:///Users/devpark/KimMuGan/account_CD/cleandino.github.io/apps/style.css → 200 (?ms, 14088B)
[2026-08-18T23:52:54.520Z] GET https://fonts.googleapis.com/css2?family=Inter:wght@300;400;500;600;700;800&display=swap → 200 (?ms, 15042B)
[2026-08-18T23:52:54.520Z] GET file:///Users/devpark/KimMuGan/account_CD/cleandino.github.io/apps/images/long-hsk-icon.png → 200 (?ms, 500955B)
[2026-08-18T23:52:54.520Z] GET file:///Users/devpark/KimMuGan/account_CD/cleandino.github.io/apps/script.js → 200 (1ms, 67369B)
[2026-08-18T23:52:54.524Z] GET https://fonts.gstatic.com/s/inter/v20/UcC73FwrK3iLTeHuS_nVMrMxCp50SjIa1ZL7W0Q5nw.woff2 → 200 (2ms, 48432B)
[2026-08-18T23:52:55.263Z] GET file:///Users/devpark/KimMuGan/account_CD/cleandino.github.io/apps/long-hsk/index.html → 200 (?ms, 7966B)
[2026-08-18T23:52:55.266Z] GET file:///Users/devpark/KimMuGan/account_CD/cleandino.github.io/apps/style.css → 200 (?ms, 14088B)
[2026-08-18T23:52:55.266Z] GET https://fonts.googleapis.com/css2?family=Inter:wght@300;400;500;600;700;800&display=swap → 200 (?ms, 15042B)
[2026-08-18T23:52:55.266Z] GET file:///Users/devpark/KimMuGan/account_CD/cleandino.github.io/apps/images/long-hsk-icon.png → 200 (?ms, 500955B)
[2026-08-18T23:52:55.266Z] GET file:///Users/devpark/KimMuGan/account_CD/cleandino.github.io/apps/script.js → 200 (1ms, 67369B)
[2026-08-18T23:52:55.269Z] GET https://fonts.gstatic.com/s/inter/v20/UcC73FwrK3iLTeHuS_nVMrMxCp50SjIa1ZL7W0Q5nw.woff2 → 200 (?ms, 48432B)
[2026-08-18T23:52:56.010Z] GET file:///Users/devpark/KimMuGan/account_CD/cleandino.github.io/apps/long-hsk/index.html → 200 (1ms, 7966B)
[2026-08-18T23:52:56.013Z] GET file:///Users/devpark/KimMuGan/account_CD/cleandino.github.io/apps/style.css → 200 (1ms, 14088B)
[2026-08-18T23:52:56.013Z] GET https://fonts.googleapis.com/css2?family=Inter:wght@300;400;500;600;700;800&display=swap → 200 (1ms, 15042B)
[2026-08-18T23:52:56.013Z] GET file:///Users/devpark/KimMuGan/account_CD/cleandino.github.io/apps/images/long-hsk-icon.png → 200 (1ms, 500955B)
[2026-08-18T23:52:56.013Z] GET file:///Users/devpark/KimMuGan/account_CD/cleandino.github.io/apps/script.js → 200 (1ms, 67369B)
[2026-08-18T23:52:56.018Z] GET https://fonts.gstatic.com/s/inter/v20/UcC73FwrK3iLTeHuS_nVMrMxCp50SjIa1ZL7W0Q5nw.woff2 → 200 (1ms, 48432B)
[2026-08-18T23:53:15.503Z] GET file:///Users/devpark/KimMuGan/account_CD/cleandino.github.io/apps/long-hsk/index.html → 200 (?ms, 7966B)
[2026-08-18T23:53:15.506Z] GET file:///Users/devpark/KimMuGan/account_CD/cleandino.github.io/apps/style.css → 200 (?ms, 14088B)
[2026-08-18T23:53:15.506Z] GET https://fonts.googleapis.com/css2?family=Inter:wght@300;400;500;600;700;800&display=swap → 200 (?ms, 15042B)
[2026-08-18T23:53:15.506Z] GET file:///Users/devpark/KimMuGan/account_CD/cleandino.github.io/apps/images/long-hsk-icon.png → 200 (?ms, 500955B)
[2026-08-18T23:53:15.506Z] GET file:///Users/devpark/KimMuGan/account_CD/cleandino.github.io/apps/script.js → 200 (?ms, 67369B)
[2026-08-18T23:53:15.510Z] GET https://fonts.gstatic.com/s/inter/v20/UcC73FwrK3iLTeHuS_nVMrMxCp50SjIa1ZL7W0Q5nw.woff2 → 200 (2ms, 48432B)
[2026-08-18T23:53:16.604Z] GET file:///Users/devpark/KimMuGan/account_CD/cleandino.github.io/apps/long-hsk/index.html → 200 (1ms, 7966B)
[2026-08-18T23:53:16.608Z] GET file:///Users/devpark/KimMuGan/account_CD/cleandino.github.io/apps/style.css → 200 (?ms, 14088B)
[2026-08-18T23:53:16.608Z] GET https://fonts.googleapis.com/css2?family=Inter:wght@300;400;500;600;700;800&display=swap → 200 (?ms, 15042B)
[2026-08-18T23:53:16.608Z] GET file:///Users/devpark/KimMuGan/account_CD/cleandino.github.io/apps/images/long-hsk-icon.png → 200 (?ms, 500955B)
[2026-08-18T23:53:16.608Z] GET file:///Users/devpark/KimMuGan/account_CD/cleandino.github.io/apps/script.js → 200 (1ms, 67369B)
[2026-08-18T23:53:16.611Z] GET https://fonts.gstatic.com/s/inter/v20/UcC73FwrK3iLTeHuS_nVMrMxCp50SjIa1ZL7W0Q5nw.woff2 → 200 (?ms, 48432B)
[2026-08-18T23:53:17.444Z] GET file:///Users/devpark/KimMuGan/account_CD/cleandino.github.io/apps/long-hsk/index.html → 200 (?ms, 7966B)
[2026-08-18T23:53:17.447Z] GET file:///Users/devpark/KimMuGan/account_CD/cleandino.github.io/apps/style.css → 200 (?ms, 14088B)
[2026-08-18T23:53:17.447Z] GET https://fonts.googleapis.com/css2?family=Inter:wght@300;400;500;600;700;800&display=swap → 200 (?ms, 15042B)
[2026-08-18T23:53:17.447Z] GET file:///Users/devpark/KimMuGan/account_CD/cleandino.github.io/apps/images/long-hsk-icon.png → 200 (?ms, 500955B)
[2026-08-18T23:53:17.447Z] GET file:///Users/devpark/KimMuGan/account_CD/cleandino.github.io/apps/script.js → 200 (1ms, 67369B)
[2026-08-18T23:53:17.451Z] GET https://fonts.gstatic.com/s/inter/v20/UcC73FwrK3iLTeHuS_nVMrMxCp50SjIa1ZL7W0Q5nw.woff2 → 200 (2ms, 48432B)
[2026-08-18T23:53:18.286Z] GET file:///Users/devpark/KimMuGan/account_CD/cleandino.github.io/apps/long-hsk/index.html → 200 (?ms, 7966B)
[2026-08-18T23:53:18.289Z] GET file:///Users/devpark/KimMuGan/account_CD/cleandino.github.io/apps/style.css → 200 (?ms, 14088B)
[2026-08-18T23:53:18.289Z] GET https://fonts.googleapis.com/css2?family=Inter:wght@300;400;500;600;700;800&display=swap → 200 (?ms, 15042B)
[2026-08-18T23:53:18.289Z] GET file:///Users/devpark/KimMuGan/account_CD/cleandino.github.io/apps/images/long-hsk-icon.png → 200 (?ms, 500955B)
[2026-08-18T23:53:18.289Z] GET file:///Users/devpark/KimMuGan/account_CD/cleandino.github.io/apps/script.js → 200 (?ms, 67369B)
[2026-08-18T23:53:18.293Z] GET https://fonts.gstatic.com/s/inter/v20/UcC73FwrK3iLTeHuS_nVMrMxCp50SjIa1ZL7W0Q5nw.woff2 → 200 (57ms, 48432B)
[2026-08-18T23:53:19.130Z] GET file:///Users/devpark/KimMuGan/account_CD/cleandino.github.io/apps/long-hsk/index.html → 200 (1ms, 7966B)
[2026-08-18T23:53:19.133Z] GET file:///Users/devpark/KimMuGan/account_CD/cleandino.github.io/apps/style.css → 200 (?ms, 14088B)
[2026-08-18T23:53:19.133Z] GET https://fonts.googleapis.com/css2?family=Inter:wght@300;400;500;600;700;800&display=swap → 200 (1ms, 15042B)
[2026-08-18T23:53:19.133Z] GET file:///Users/devpark/KimMuGan/account_CD/cleandino.github.io/apps/images/long-hsk-icon.png → 200 (?ms, 500955B)
[2026-08-18T23:53:19.133Z] GET file:///Users/devpark/KimMuGan/account_CD/cleandino.github.io/apps/script.js → 200 (1ms, 67369B)
[2026-08-18T23:53:19.139Z] GET https://fonts.gstatic.com/s/inter/v20/UcC73FwrK3iLTeHuS_nVMrMxCp50SjIa1ZL7W0Q5nw.woff2 → 200 (?ms, 48432B)
[2026-08-18T23:53:19.143Z] GET https://fonts.gstatic.com/s/inter/v20/UcC73FwrK3iLTeHuS_nVMrMxCp50SjIa2pL7W0Q5n-wU.woff2 → 200 (217ms, 10280B)
[2026-08-18T23:53:19.143Z] GET https://fonts.gstatic.com/s/inter/v20/UcC73FwrK3iLTeHuS_nVMrMxCp50SjIa25L7W0Q5n-wU.woff2 → 200 (320ms, 85272B)
[2026-08-18T23:53:19.972Z] GET file:///Users/devpark/KimMuGan/account_CD/cleandino.github.io/apps/long-hsk/index.html → 200 (1ms, 7966B)
[2026-08-18T23:53:19.975Z] GET file:///Users/devpark/KimMuGan/account_CD/cleandino.github.io/apps/style.css → 200 (?ms, 14088B)
[2026-08-18T23:53:19.975Z] GET https://fonts.googleapis.com/css2?family=Inter:wght@300;400;500;600;700;800&display=swap → 200 (1ms, 15042B)
[2026-08-18T23:53:19.975Z] GET file:///Users/devpark/KimMuGan/account_CD/cleandino.github.io/apps/images/long-hsk-icon.png → 200 (?ms, 500955B)
[2026-08-18T23:53:19.975Z] GET file:///Users/devpark/KimMuGan/account_CD/cleandino.github.io/apps/script.js → 200 (1ms, 67369B)
[2026-08-18T23:53:19.980Z] GET https://fonts.gstatic.com/s/inter/v20/UcC73FwrK3iLTeHuS_nVMrMxCp50SjIa1ZL7W0Q5nw.woff2 → 200 (?ms, 48432B)
[2026-08-18T23:53:20.820Z] GET file:///Users/devpark/KimMuGan/account_CD/cleandino.github.io/apps/long-hsk/index.html → 200 (1ms, 7966B)
[2026-08-18T23:53:20.824Z] GET file:///Users/devpark/KimMuGan/account_CD/cleandino.github.io/apps/style.css → 200 (?ms, 14088B)
[2026-08-18T23:53:20.824Z] GET https://fonts.googleapis.com/css2?family=Inter:wght@300;400;500;600;700;800&display=swap → 200 (?ms, ?B)
[2026-08-18T23:53:20.824Z] GET file:///Users/devpark/KimMuGan/account_CD/cleandino.github.io/apps/images/long-hsk-icon.png → 200 (?ms, ?B)
[2026-08-18T23:53:20.824Z] GET file:///Users/devpark/KimMuGan/account_CD/cleandino.github.io/apps/script.js → 200 (?ms, ?B)
[2026-08-18T23:53:20.827Z] GET https://fonts.gstatic.com/s/inter/v20/UcC73FwrK3iLTeHuS_nVMrMxCp50SjIa1ZL7W0Q5nw.woff2 → 200 (?ms, ?B)
[2026-08-18T23:53:30.606Z] GET file:///Users/devpark/KimMuGan/account_CD/cleandino.github.io/apps/long-hsk/index.html → 200 (2ms, 7966B)
[2026-08-18T23:53:30.609Z] GET file:///Users/devpark/KimMuGan/account_CD/cleandino.github.io/apps/style.css → 200 (1ms, 14088B)
[2026-08-18T23:53:30.609Z] GET https://fonts.googleapis.com/css2?family=Inter:wght@300;400;500;600;700;800&display=swap → 200 (1ms, 15042B)
[2026-08-18T23:53:30.609Z] GET file:///Users/devpark/KimMuGan/account_CD/cleandino.github.io/apps/images/long-hsk-icon.png → 200 (1ms, 500955B)
[2026-08-18T23:53:30.609Z] GET file:///Users/devpark/KimMuGan/account_CD/cleandino.github.io/apps/script.js → 200 (1ms, 67369B)
[2026-08-18T23:53:30.613Z] GET https://fonts.gstatic.com/s/inter/v20/UcC73FwrK3iLTeHuS_nVMrMxCp50SjIa1ZL7W0Q5nw.woff2 → 200 (?ms, 48432B)
[2026-08-18T23:53:42.311Z] GET file:///Users/devpark/KimMuGan/account_CD/cleandino.github.io/apps/long-hsk/index.html → 200 (2ms, 7966B)
[2026-08-18T23:53:42.321Z] GET file:///Users/devpark/KimMuGan/account_CD/cleandino.github.io/apps/style.css → 200 (?ms, 14088B)
[2026-08-18T23:53:42.321Z] GET https://fonts.googleapis.com/css2?family=Inter:wght@300;400;500;600;700;800&display=swap → 200 (1ms, 15042B)
[2026-08-18T23:53:42.321Z] GET file:///Users/devpark/KimMuGan/account_CD/cleandino.github.io/apps/images/long-hsk-icon.png → 200 (1ms, 500955B)
[2026-08-18T23:53:42.321Z] GET file:///Users/devpark/KimMuGan/account_CD/cleandino.github.io/apps/script.js → 200 (1ms, 67369B)
[2026-08-18T23:53:42.322Z] GET https://fonts.gstatic.com/s/inter/v20/UcC73FwrK3iLTeHuS_nVMrMxCp50SjIa1ZL7W0Q5nw.woff2 → 200 (7ms, 48432B)
[2026-08-18T23:53:43.076Z] GET file:///Users/devpark/KimMuGan/account_CD/cleandino.github.io/apps/bear-tocfl/index.html → 200 (1ms, 7278B)
[2026-08-18T23:53:43.079Z] GET file:///Users/devpark/KimMuGan/account_CD/cleandino.github.io/apps/style.css → 200 (?ms, 14088B)
[2026-08-18T23:53:43.079Z] GET https://fonts.googleapis.com/css2?family=Inter:wght@300;400;500;600;700;800&display=swap → 200 (?ms, 15042B)
[2026-08-18T23:53:43.079Z] GET file:///Users/devpark/KimMuGan/account_CD/cleandino.github.io/apps/images/bear-tocfl-icon.png → 200 (1ms, 340157B)
[2026-08-18T23:53:43.079Z] GET file:///Users/devpark/KimMuGan/account_CD/cleandino.github.io/apps/script.js → 200 (3ms, 67369B)
[2026-08-18T23:53:43.083Z] GET https://fonts.gstatic.com/s/inter/v20/UcC73FwrK3iLTeHuS_nVMrMxCp50SjIa1ZL7W0Q5nw.woff2 → 200 (2ms, 48432B)
[2026-08-18T23:53:43.811Z] GET file:///Users/devpark/KimMuGan/account_CD/cleandino.github.io/apps/raku-jlpt/index.html → 200 (1ms, 7885B)
[2026-08-18T23:53:43.814Z] GET file:///Users/devpark/KimMuGan/account_CD/cleandino.github.io/apps/style.css → 200 (?ms, 14088B)
[2026-08-18T23:53:43.814Z] GET https://fonts.googleapis.com/css2?family=Inter:wght@300;400;500;600;700;800&display=swap → 200 (?ms, 15042B)
[2026-08-18T23:53:43.814Z] GET file:///Users/devpark/KimMuGan/account_CD/cleandino.github.io/apps/images/raku-jlpt-icon.png → 200 (1ms, 466407B)
[2026-08-18T23:53:43.814Z] GET file:///Users/devpark/KimMuGan/account_CD/cleandino.github.io/apps/script.js → 200 (1ms, 67369B)
[2026-08-18T23:53:43.818Z] GET https://fonts.gstatic.com/s/inter/v20/UcC73FwrK3iLTeHuS_nVMrMxCp50SjIa1ZL7W0Q5nw.woff2 → 200 (5ms, ?B)
[2026-08-18T23:53:44.548Z] GET file:///Users/devpark/KimMuGan/account_CD/cleandino.github.io/apps/sae-topik/index.html → 200 (?ms, 7732B)
[2026-08-18T23:53:44.551Z] GET file:///Users/devpark/KimMuGan/account_CD/cleandino.github.io/apps/style.css → 200 (?ms, 14088B)
[2026-08-18T23:53:44.551Z] GET https://fonts.googleapis.com/css2?family=Inter:wght@300;400;500;600;700;800&display=swap → 200 (?ms, 15042B)
[2026-08-18T23:53:44.551Z] GET file:///Users/devpark/KimMuGan/account_CD/cleandino.github.io/apps/images/sae-topik-icon.png → 200 (1ms, 496760B)
[2026-08-18T23:53:44.551Z] GET file:///Users/devpark/KimMuGan/account_CD/cleandino.github.io/apps/script.js → 200 (1ms, 67369B)
[2026-08-18T23:53:44.556Z] GET https://fonts.gstatic.com/s/inter/v20/UcC73FwrK3iLTeHuS_nVMrMxCp50SjIa1ZL7W0Q5nw.woff2 → 200 (1ms, 48432B)
[2026-08-18T23:53:45.297Z] GET file:///Users/devpark/KimMuGan/account_CD/cleandino.github.io/apps/filmstamp/index.html → 200 (1ms, 8242B)
[2026-08-18T23:53:45.301Z] GET file:///Users/devpark/KimMuGan/account_CD/cleandino.github.io/apps/style.css → 200 (?ms, 14088B)
[2026-08-18T23:53:45.301Z] GET https://fonts.googleapis.com/css2?family=Inter:wght@300;400;500;600;700;800&display=swap → 200 (?ms, 15042B)
[2026-08-18T23:53:45.301Z] GET file:///Users/devpark/KimMuGan/account_CD/cleandino.github.io/apps/images/filmstamp-icon.png → 200 (?ms, 82963B)
[2026-08-18T23:53:45.301Z] GET file:///Users/devpark/KimMuGan/account_CD/cleandino.github.io/apps/script.js → 200 (1ms, 67369B)
[2026-08-18T23:53:45.304Z] GET https://fonts.gstatic.com/s/inter/v20/UcC73FwrK3iLTeHuS_nVMrMxCp50SjIa1ZL7W0Q5nw.woff2 → 200 (1ms, 48432B)
[2026-08-18T23:53:46.050Z] GET file:///Users/devpark/KimMuGan/account_CD/cleandino.github.io/apps/my-urls/index.html → 200 (1ms, 7883B)
[2026-08-18T23:53:46.054Z] GET file:///Users/devpark/KimMuGan/account_CD/cleandino.github.io/apps/style.css → 200 (?ms, 14088B)
[2026-08-18T23:53:46.054Z] GET https://fonts.googleapis.com/css2?family=Inter:wght@300;400;500;600;700;800&display=swap → 200 (?ms, 15042B)
[2026-08-18T23:53:46.054Z] GET file:///Users/devpark/KimMuGan/account_CD/cleandino.github.io/apps/images/my-urls-icon.png → 200 (?ms, 77324B)
[2026-08-18T23:53:46.054Z] GET file:///Users/devpark/KimMuGan/account_CD/cleandino.github.io/apps/script.js → 200 (?ms, 67369B)
[2026-08-18T23:53:46.058Z] GET https://fonts.gstatic.com/s/inter/v20/UcC73FwrK3iLTeHuS_nVMrMxCp50SjIa1ZL7W0Q5nw.woff2 → 200 (4ms, 48432B)
[2026-08-18T23:53:46.784Z] GET file:///Users/devpark/KimMuGan/account_CD/cleandino.github.io/apps/rush-hour-kitchen/index.html → 200 (1ms, 8635B)
[2026-08-18T23:53:46.787Z] GET file:///Users/devpark/KimMuGan/account_CD/cleandino.github.io/apps/style.css → 200 (1ms, 14088B)
[2026-08-18T23:53:46.787Z] GET https://fonts.googleapis.com/css2?family=Inter:wght@300;400;500;600;700;800&display=swap → 200 (1ms, 15042B)
[2026-08-18T23:53:46.787Z] GET file:///Users/devpark/KimMuGan/account_CD/cleandino.github.io/apps/images/rush-hour-kitchen-icon.png → 200 (1ms, 371917B)
[2026-08-18T23:53:46.787Z] GET file:///Users/devpark/KimMuGan/account_CD/cleandino.github.io/apps/script.js → 200 (1ms, 67369B)
[2026-08-18T23:53:46.792Z] GET https://fonts.gstatic.com/s/inter/v20/UcC73FwrK3iLTeHuS_nVMrMxCp50SjIa1ZL7W0Q5nw.woff2 → 200 (?ms, 48432B)
[2026-08-18T23:53:47.537Z] GET file:///Users/devpark/KimMuGan/account_CD/cleandino.github.io/apps/age-calculator/index.html → 200 (1ms, 7738B)
[2026-08-18T23:53:47.541Z] GET file:///Users/devpark/KimMuGan/account_CD/cleandino.github.io/apps/style.css → 200 (?ms, 14088B)
[2026-08-18T23:53:47.541Z] GET https://fonts.googleapis.com/css2?family=Inter:wght@300;400;500;600;700;800&display=swap → 200 (?ms, 15042B)
[2026-08-18T23:53:47.541Z] GET file:///Users/devpark/KimMuGan/account_CD/cleandino.github.io/apps/images/age-calc-icon.png → 200 (?ms, 221431B)
[2026-08-18T23:53:47.541Z] GET file:///Users/devpark/KimMuGan/account_CD/cleandino.github.io/apps/script.js → 200 (1ms, 67369B)
[2026-08-18T23:53:47.544Z] GET https://fonts.gstatic.com/s/inter/v20/UcC73FwrK3iLTeHuS_nVMrMxCp50SjIa1ZL7W0Q5nw.woff2 → 200 (6ms, 48432B)
[2026-08-18T23:53:48.278Z] GET file:///Users/devpark/KimMuGan/account_CD/cleandino.github.io/apps/my-home-size/index.html → 200 (1ms, 7692B)
[2026-08-18T23:53:48.281Z] GET file:///Users/devpark/KimMuGan/account_CD/cleandino.github.io/apps/style.css → 200 (?ms, 14088B)
[2026-08-18T23:53:48.281Z] GET https://fonts.googleapis.com/css2?family=Inter:wght@300;400;500;600;700;800&display=swap → 200 (?ms, 15042B)
[2026-08-18T23:53:48.281Z] GET file:///Users/devpark/KimMuGan/account_CD/cleandino.github.io/apps/images/my-home-size-icon.png → 200 (?ms, 112834B)
[2026-08-18T23:53:48.281Z] GET file:///Users/devpark/KimMuGan/account_CD/cleandino.github.io/apps/script.js → 200 (?ms, 67369B)
[2026-08-18T23:53:48.284Z] GET https://fonts.gstatic.com/s/inter/v20/UcC73FwrK3iLTeHuS_nVMrMxCp50SjIa1ZL7W0Q5nw.woff2 → 200 (2ms, 48432B)
[2026-08-18T23:55:25.376Z] GET file:///Users/devpark/KimMuGan/account_CD/cleandino.github.io/apps/index.html → 200 (1ms, 14649B)
[2026-08-18T23:55:25.385Z] GET file:///Users/devpark/KimMuGan/account_CD/cleandino.github.io/apps/style.css → 200 (1ms, 14088B)
[2026-08-18T23:55:25.385Z] GET https://fonts.googleapis.com/css2?family=Inter:wght@300;400;500;600;700;800&display=swap → 200 (3ms, 15042B)
[2026-08-18T23:55:25.385Z] GET file:///Users/devpark/KimMuGan/account_CD/cleandino.github.io/apps/images/cleandino_logo_512.png → 200 (1ms, 29653B)
[2026-08-18T23:55:25.385Z] GET file:///Users/devpark/KimMuGan/account_CD/cleandino.github.io/apps/images/filmstamp-icon.png → 200 (3ms, 82963B)
[2026-08-18T23:55:25.385Z] GET file:///Users/devpark/KimMuGan/account_CD/cleandino.github.io/apps/images/long-hsk-icon.png → 200 (3ms, 500955B)
[2026-08-18T23:55:25.385Z] GET file:///Users/devpark/KimMuGan/account_CD/cleandino.github.io/apps/images/raku-jlpt-icon.png → 200 (3ms, 466407B)
[2026-08-18T23:55:25.385Z] GET file:///Users/devpark/KimMuGan/account_CD/cleandino.github.io/apps/images/sae-topik-icon.png → 200 (4ms, 496760B)
[2026-08-18T23:55:25.386Z] GET file:///Users/devpark/KimMuGan/account_CD/cleandino.github.io/apps/images/my-urls-icon.png → 200 (3ms, 77324B)
[2026-08-18T23:55:25.386Z] GET file:///Users/devpark/KimMuGan/account_CD/cleandino.github.io/apps/images/rush-hour-kitchen-icon.png → 200 (3ms, 371917B)
[2026-08-18T23:55:25.386Z] GET file:///Users/devpark/KimMuGan/account_CD/cleandino.github.io/apps/images/age-calc-icon.png → 200 (3ms, 221431B)
[2026-08-18T23:55:25.386Z] GET file:///Users/devpark/KimMuGan/account_CD/cleandino.github.io/apps/images/my-home-size-icon.png → 200 (3ms, 112834B)
[2026-08-18T23:55:25.386Z] GET file:///Users/devpark/KimMuGan/account_CD/cleandino.github.io/apps/script.js → 200 (15ms, 67369B)
[2026-08-18T23:55:25.400Z] GET https://fonts.gstatic.com/s/inter/v20/UcC73FwrK3iLTeHuS_nVMrMxCp50SjIa1ZL7W0Q5nw.woff2 → 200 (?ms, 48432B)
[2026-08-18T23:56:52.738Z] GET https://cleandino.github.io/apps/ → pending (?ms, ?B)
[2026-08-18T23:56:53.374Z] GET https://cleandino.github.io/apps/style.css → 200 (373ms, 14088B)
[2026-08-18T23:56:53.374Z] GET https://fonts.googleapis.com/css2?family=Inter:wght@300;400;500;600;700;800&display=swap → 200 (?ms, 15042B)
[2026-08-18T23:56:53.374Z] GET https://cleandino.github.io/apps/images/cleandino_logo_512.png → 200 (373ms, 29653B)
[2026-08-18T23:56:53.374Z] GET https://cleandino.github.io/apps/images/filmstamp-icon.png → 200 (373ms, 82963B)
[2026-08-18T23:56:53.374Z] GET https://cleandino.github.io/apps/images/long-hsk-icon.png → 200 (380ms, ?B)
[2026-08-18T23:56:53.374Z] GET https://cleandino.github.io/apps/images/raku-jlpt-icon.png → 200 (373ms, ?B)
[2026-08-18T23:56:53.374Z] GET https://cleandino.github.io/apps/images/sae-topik-icon.png → 200 (380ms, ?B)
[2026-08-18T23:56:53.374Z] GET https://cleandino.github.io/apps/images/my-urls-icon.png → 200 (314ms, ?B)
[2026-08-18T23:56:53.374Z] GET https://cleandino.github.io/apps/images/rush-hour-kitchen-icon.png → 200 (372ms, ?B)
[2026-08-18T23:56:53.374Z] GET https://cleandino.github.io/apps/images/age-calc-icon.png → 200 (373ms, ?B)
[2026-08-18T23:56:53.374Z] GET https://cleandino.github.io/apps/images/my-home-size-icon.png → 200 (380ms, ?B)
[2026-08-18T23:56:53.374Z] GET https://cleandino.github.io/apps/script.js → 200 (476ms, 67369B)
[2026-08-18T23:56:53.849Z] GET https://fonts.gstatic.com/s/inter/v20/UcC73FwrK3iLTeHuS_nVMrMxCp50SjIa1ZL7W0Q5nw.woff2 → 200 (1ms, 48432B)
[2026-08-18T23:57:03.023Z] GET https://cleandino.github.io/apps/ → 200 (?ms, 14649B)
[2026-08-18T23:57:03.027Z] GET https://cleandino.github.io/apps/style.css → 200 (?ms, 14088B)
[2026-08-18T23:57:03.027Z] GET https://fonts.googleapis.com/css2?family=Inter:wght@300;400;500;600;700;800&display=swap → 200 (?ms, 15042B)
[2026-08-18T23:57:03.027Z] GET https://cleandino.github.io/apps/images/cleandino_logo_512.png → 200 (?ms, 29653B)
[2026-08-18T23:57:03.027Z] GET https://cleandino.github.io/apps/images/filmstamp-icon.png → 200 (?ms, 82963B)
[2026-08-18T23:57:03.028Z] GET https://cleandino.github.io/apps/images/long-hsk-icon.png → 200 (?ms, 500955B)
[2026-08-18T23:57:03.028Z] GET https://cleandino.github.io/apps/images/raku-jlpt-icon.png → 200 (?ms, 466407B)
[2026-08-18T23:57:03.028Z] GET https://cleandino.github.io/apps/images/sae-topik-icon.png → 200 (?ms, 496760B)
[2026-08-18T23:57:03.028Z] GET https://cleandino.github.io/apps/images/my-urls-icon.png → 200 (?ms, 77324B)
[2026-08-18T23:57:03.028Z] GET https://cleandino.github.io/apps/images/rush-hour-kitchen-icon.png → 200 (?ms, 371917B)
[2026-08-18T23:57:03.028Z] GET https://cleandino.github.io/apps/images/age-calc-icon.png → 200 (?ms, 221431B)
[2026-08-18T23:57:03.028Z] GET https://cleandino.github.io/apps/images/my-home-size-icon.png → 200 (1ms, 112834B)
[2026-08-18T23:57:03.029Z] GET https://cleandino.github.io/apps/script.js → 200 (?ms, 67369B)
[2026-08-18T23:57:03.029Z] GET https://fonts.gstatic.com/s/inter/v20/UcC73FwrK3iLTeHuS_nVMrMxCp50SjIa1ZL7W0Q5nw.woff2 → 200 (?ms, ?B)
[2026-08-18T23:57:04.134Z] GET https://cleandino.github.io/apps/ → 200 (46ms, 14649B)
[2026-08-18T23:57:04.183Z] GET https://cleandino.github.io/apps/style.css → 200 (1ms, 14088B)
[2026-08-18T23:57:04.184Z] GET https://fonts.googleapis.com/css2?family=Inter:wght@300;400;500;600;700;800&display=swap → 200 (?ms, 15042B)
[2026-08-18T23:57:04.184Z] GET https://cleandino.github.io/apps/images/cleandino_logo_512.png → 200 (?ms, 29653B)
[2026-08-18T23:57:04.184Z] GET https://cleandino.github.io/apps/images/filmstamp-icon.png → 200 (?ms, 82963B)
[2026-08-18T23:57:04.184Z] GET https://cleandino.github.io/apps/images/long-hsk-icon.png → 200 (1ms, 500955B)
[2026-08-18T23:57:04.185Z] GET https://cleandino.github.io/apps/images/raku-jlpt-icon.png → 200 (?ms, 466407B)
[2026-08-18T23:57:04.185Z] GET https://cleandino.github.io/apps/images/sae-topik-icon.png → 200 (?ms, 496760B)
[2026-08-18T23:57:04.185Z] GET https://cleandino.github.io/apps/images/my-urls-icon.png → 200 (?ms, 77324B)
[2026-08-18T23:57:04.185Z] GET https://cleandino.github.io/apps/images/rush-hour-kitchen-icon.png → 200 (?ms, 371917B)
[2026-08-18T23:57:04.185Z] GET https://cleandino.github.io/apps/images/age-calc-icon.png → 200 (?ms, 221431B)
[2026-08-18T23:57:04.185Z] GET https://cleandino.github.io/apps/images/my-home-size-icon.png → 200 (1ms, 112834B)
[2026-08-18T23:57:04.186Z] GET https://cleandino.github.io/apps/script.js → 200 (?ms, 67369B)
[2026-08-18T23:57:04.186Z] GET https://fonts.gstatic.com/s/inter/v20/UcC73FwrK3iLTeHuS_nVMrMxCp50SjIa1ZL7W0Q5nw.woff2 → 200 (?ms, ?B)
[2026-08-18T23:57:14.025Z] GET https://cleandino.github.io/apps/long-hsk/ → 200 (250ms, 7966B)
[2026-08-18T23:57:14.279Z] GET https://cleandino.github.io/apps/style.css → 200 (?ms, 14088B)
[2026-08-18T23:57:14.279Z] GET https://fonts.googleapis.com/css2?family=Inter:wght@300;400;500;600;700;800&display=swap → 200 (?ms, 15042B)
[2026-08-18T23:57:14.280Z] GET https://cleandino.github.io/apps/images/long-hsk-icon.png → 200 (?ms, 500955B)
[2026-08-18T23:57:14.280Z] GET https://cleandino.github.io/apps/script.js → 200 (?ms, 67369B)
[2026-08-18T23:57:14.281Z] GET https://fonts.gstatic.com/s/inter/v20/UcC73FwrK3iLTeHuS_nVMrMxCp50SjIa1ZL7W0Q5nw.woff2 → 200 (?ms, ?B)
[2026-08-18T23:57:15.359Z] GET https://cleandino.github.io/apps/long-hsk/ → 200 (58ms, 7966B)
[2026-08-18T23:57:15.419Z] GET https://cleandino.github.io/apps/style.css → 200 (?ms, 14088B)
[2026-08-18T23:57:15.420Z] GET https://fonts.googleapis.com/css2?family=Inter:wght@300;400;500;600;700;800&display=swap → 200 (?ms, 15042B)
[2026-08-18T23:57:15.420Z] GET https://cleandino.github.io/apps/images/long-hsk-icon.png → 200 (?ms, 500955B)
[2026-08-18T23:57:15.420Z] GET https://cleandino.github.io/apps/script.js → 200 (?ms, 67369B)
[2026-08-18T23:57:15.421Z] GET https://fonts.gstatic.com/s/inter/v20/UcC73FwrK3iLTeHuS_nVMrMxCp50SjIa1ZL7W0Q5nw.woff2 → 200 (?ms, ?B)
[2026-08-18T23:57:16.355Z] GET https://cleandino.github.io/apps/long-hsk/ → 200 (360ms, 7966B)
[2026-08-18T23:57:16.720Z] GET https://cleandino.github.io/apps/style.css → 200 (?ms, 14088B)
[2026-08-18T23:57:16.720Z] GET https://fonts.googleapis.com/css2?family=Inter:wght@300;400;500;600;700;800&display=swap → 200 (1ms, 15042B)
[2026-08-18T23:57:16.721Z] GET https://cleandino.github.io/apps/images/long-hsk-icon.png → 200 (?ms, 500955B)
[2026-08-18T23:57:16.721Z] GET https://cleandino.github.io/apps/script.js → 200 (?ms, 67369B)
[2026-08-18T23:57:16.723Z] GET https://fonts.gstatic.com/s/inter/v20/UcC73FwrK3iLTeHuS_nVMrMxCp50SjIa1ZL7W0Q5nw.woff2 → 200 (?ms, ?B)
[2026-08-18T23:57:17.665Z] GET https://cleandino.github.io/apps/long-hsk/ → pending (?ms, ?B)
[2026-08-18T23:57:18.229Z] GET https://cleandino.github.io/apps/style.css → 200 (?ms, 14088B)
[2026-08-18T23:57:18.229Z] GET https://fonts.googleapis.com/css2?family=Inter:wght@300;400;500;600;700;800&display=swap → 200 (?ms, 15042B)
[2026-08-18T23:57:18.230Z] GET https://cleandino.github.io/apps/images/long-hsk-icon.png → 200 (?ms, 500955B)
[2026-08-18T23:57:18.230Z] GET https://cleandino.github.io/apps/script.js → 200 (?ms, 67369B)
[2026-08-18T23:57:18.231Z] GET https://fonts.gstatic.com/s/inter/v20/UcC73FwrK3iLTeHuS_nVMrMxCp50SjIa1ZL7W0Q5nw.woff2 → 200 (?ms, ?B)
[2026-08-18T23:57:19.156Z] GET https://cleandino.github.io/apps/long-hsk/ → 200 (34ms, 7966B)
[2026-08-18T23:57:19.193Z] GET https://cleandino.github.io/apps/style.css → 200 (?ms, 14088B)
[2026-08-18T23:57:19.193Z] GET https://fonts.googleapis.com/css2?family=Inter:wght@300;400;500;600;700;800&display=swap → 200 (?ms, 15042B)
[2026-08-18T23:57:19.193Z] GET https://cleandino.github.io/apps/images/long-hsk-icon.png → 200 (1ms, 500955B)
[2026-08-18T23:57:19.194Z] GET https://cleandino.github.io/apps/script.js → 200 (?ms, 67369B)
[2026-08-18T23:57:19.195Z] GET https://fonts.gstatic.com/s/inter/v20/UcC73FwrK3iLTeHuS_nVMrMxCp50SjIa1ZL7W0Q5nw.woff2 → 200 (?ms, ?B)
[2026-08-18T23:57:19.199Z] GET https://fonts.gstatic.com/s/inter/v20/UcC73FwrK3iLTeHuS_nVMrMxCp50SjIa2pL7W0Q5n-wU.woff2 → 200 (1ms, 10280B)
[2026-08-18T23:57:19.199Z] GET https://fonts.gstatic.com/s/inter/v20/UcC73FwrK3iLTeHuS_nVMrMxCp50SjIa25L7W0Q5n-wU.woff2 → 200 (1ms, 85272B)
[2026-08-18T23:57:20.122Z] GET https://cleandino.github.io/apps/long-hsk/ → 200 (50ms, 7966B)
[2026-08-18T23:57:20.174Z] GET https://cleandino.github.io/apps/style.css → 200 (?ms, 14088B)
[2026-08-18T23:57:20.175Z] GET https://fonts.googleapis.com/css2?family=Inter:wght@300;400;500;600;700;800&display=swap → 200 (?ms, 15042B)
[2026-08-18T23:57:20.175Z] GET https://cleandino.github.io/apps/images/long-hsk-icon.png → 200 (?ms, 500955B)
[2026-08-18T23:57:20.175Z] GET https://cleandino.github.io/apps/script.js → 200 (?ms, 67369B)
[2026-08-18T23:57:20.176Z] GET https://fonts.gstatic.com/s/inter/v20/UcC73FwrK3iLTeHuS_nVMrMxCp50SjIa2pL7W0Q5n-wU.woff2 → 200 (?ms, ?B)
[2026-08-18T23:57:20.176Z] GET https://fonts.gstatic.com/s/inter/v20/UcC73FwrK3iLTeHuS_nVMrMxCp50SjIa25L7W0Q5n-wU.woff2 → 200 (?ms, ?B)
[2026-08-18T23:57:20.176Z] GET https://fonts.gstatic.com/s/inter/v20/UcC73FwrK3iLTeHuS_nVMrMxCp50SjIa1ZL7W0Q5nw.woff2 → 200 (?ms, ?B)
[2026-08-18T23:57:21.106Z] GET https://cleandino.github.io/apps/long-hsk/ → 200 (176ms, 7966B)
[2026-08-18T23:57:21.286Z] GET https://cleandino.github.io/apps/style.css → 200 (?ms, 14088B)
[2026-08-18T23:57:21.286Z] GET https://fonts.googleapis.com/css2?family=Inter:wght@300;400;500;600;700;800&display=swap → 200 (?ms, 15042B)
[2026-08-18T23:57:21.286Z] GET https://cleandino.github.io/apps/images/long-hsk-icon.png → 200 (?ms, 500955B)
[2026-08-18T23:57:21.286Z] GET https://cleandino.github.io/apps/script.js → 200 (?ms, 67369B)
[2026-08-18T23:57:21.288Z] GET https://fonts.gstatic.com/s/inter/v20/UcC73FwrK3iLTeHuS_nVMrMxCp50SjIa2pL7W0Q5n-wU.woff2 → 200 (?ms, ?B)
[2026-08-18T23:57:21.288Z] GET https://fonts.gstatic.com/s/inter/v20/UcC73FwrK3iLTeHuS_nVMrMxCp50SjIa25L7W0Q5n-wU.woff2 → 200 (?ms, ?B)
[2026-08-18T23:57:21.288Z] GET https://fonts.gstatic.com/s/inter/v20/UcC73FwrK3iLTeHuS_nVMrMxCp50SjIa1ZL7W0Q5nw.woff2 → 200 (?ms, ?B)
[2026-08-18T23:57:22.233Z] GET https://cleandino.github.io/apps/long-hsk/ → 200 (218ms, 7966B)
[2026-08-18T23:57:22.455Z] GET https://cleandino.github.io/apps/style.css → 200 (?ms, 14088B)
[2026-08-18T23:57:22.456Z] GET https://fonts.googleapis.com/css2?family=Inter:wght@300;400;500;600;700;800&display=swap → 200 (?ms, 15042B)
[2026-08-18T23:57:22.456Z] GET https://cleandino.github.io/apps/images/long-hsk-icon.png → 200 (?ms, 500955B)
[2026-08-18T23:57:22.456Z] GET https://cleandino.github.io/apps/script.js → 200 (?ms, 67369B)
[2026-08-18T23:57:22.458Z] GET https://fonts.gstatic.com/s/inter/v20/UcC73FwrK3iLTeHuS_nVMrMxCp50SjIa2pL7W0Q5n-wU.woff2 → 200 (?ms, ?B)
[2026-08-18T23:57:22.458Z] GET https://fonts.gstatic.com/s/inter/v20/UcC73FwrK3iLTeHuS_nVMrMxCp50SjIa25L7W0Q5n-wU.woff2 → 200 (?ms, ?B)
[2026-08-18T23:57:22.458Z] GET https://fonts.gstatic.com/s/inter/v20/UcC73FwrK3iLTeHuS_nVMrMxCp50SjIa1ZL7W0Q5nw.woff2 → 200 (?ms, ?B)
[2026-08-19T00:05:19.179Z] GET file:///Users/devpark/KimMuGan/account_CD/cleandino.github.io/apps/index.html → 200 (5ms, 14649B)
[2026-08-19T00:05:19.316Z] GET file:///Users/devpark/KimMuGan/account_CD/cleandino.github.io/apps/style.css → 200 (2ms, 14088B)
[2026-08-19T00:05:19.316Z] GET https://fonts.googleapis.com/css2?family=Inter:wght@300;400;500;600;700;800&display=swap → 200 (3ms, 15042B)
[2026-08-19T00:05:19.316Z] GET file:///Users/devpark/KimMuGan/account_CD/cleandino.github.io/apps/images/cleandino_logo_512.png → 200 (2ms, 29653B)
[2026-08-19T00:05:19.316Z] GET file:///Users/devpark/KimMuGan/account_CD/cleandino.github.io/apps/images/filmstamp-icon.png → 200 (3ms, 82963B)
[2026-08-19T00:05:19.316Z] GET file:///Users/devpark/KimMuGan/account_CD/cleandino.github.io/apps/images/long-hsk-icon.png → 200 (3ms, 500955B)
[2026-08-19T00:05:19.316Z] GET file:///Users/devpark/KimMuGan/account_CD/cleandino.github.io/apps/images/raku-jlpt-icon.png → 200 (4ms, 466407B)
[2026-08-19T00:05:19.316Z] GET file:///Users/devpark/KimMuGan/account_CD/cleandino.github.io/apps/images/sae-topik-icon.png → 200 (4ms, 496760B)
[2026-08-19T00:05:19.316Z] GET file:///Users/devpark/KimMuGan/account_CD/cleandino.github.io/apps/images/my-urls-icon.png → 200 (4ms, 77324B)
[2026-08-19T00:05:19.316Z] GET file:///Users/devpark/KimMuGan/account_CD/cleandino.github.io/apps/images/rush-hour-kitchen-icon.png → 200 (4ms, 371917B)
[2026-08-19T00:05:19.316Z] GET file:///Users/devpark/KimMuGan/account_CD/cleandino.github.io/apps/images/age-calc-icon.png → 200 (4ms, 221431B)
[2026-08-19T00:05:19.317Z] GET file:///Users/devpark/KimMuGan/account_CD/cleandino.github.io/apps/images/my-home-size-icon.png → 200 (3ms, 112834B)
[2026-08-19T00:05:19.317Z] GET file:///Users/devpark/KimMuGan/account_CD/cleandino.github.io/apps/script.js → 200 (3ms, 67369B)
[2026-08-19T00:05:19.361Z] GET https://fonts.gstatic.com/s/inter/v20/UcC73FwrK3iLTeHuS_nVMrMxCp50SjIa1ZL7W0Q5nw.woff2 → 200 (1ms, 48432B)
[2026-08-19T00:05:42.542Z] GET file:///Users/devpark/KimMuGan/account_CD/cleandino.github.io/apps/sae-topik/index.html → 200 (1ms, 7736B)
[2026-08-19T00:05:42.546Z] GET file:///Users/devpark/KimMuGan/account_CD/cleandino.github.io/apps/style.css → 200 (?ms, 14088B)
[2026-08-19T00:05:42.546Z] GET https://fonts.googleapis.com/css2?family=Inter:wght@300;400;500;600;700;800&display=swap → 200 (?ms, 15042B)
[2026-08-19T00:05:42.546Z] GET file:///Users/devpark/KimMuGan/account_CD/cleandino.github.io/apps/images/sae-topik-icon.png → 200 (?ms, 496760B)
[2026-08-19T00:05:42.546Z] GET file:///Users/devpark/KimMuGan/account_CD/cleandino.github.io/apps/script.js → 200 (12ms, 67369B)
[2026-08-19T00:05:42.557Z] GET https://fonts.gstatic.com/s/inter/v20/UcC73FwrK3iLTeHuS_nVMrMxCp50SjIa1ZL7W0Q5nw.woff2 → 200 (?ms, 48432B)
[2026-08-19T00:05:43.382Z] GET file:///Users/devpark/KimMuGan/account_CD/cleandino.github.io/apps/rush-hour-kitchen/index.html → 200 (?ms, 8635B)
[2026-08-19T00:05:43.385Z] GET file:///Users/devpark/KimMuGan/account_CD/cleandino.github.io/apps/style.css → 200 (?ms, 14088B)
[2026-08-19T00:05:43.385Z] GET https://fonts.googleapis.com/css2?family=Inter:wght@300;400;500;600;700;800&display=swap → 200 (?ms, 15042B)
[2026-08-19T00:05:43.385Z] GET file:///Users/devpark/KimMuGan/account_CD/cleandino.github.io/apps/images/rush-hour-kitchen-icon.png → 200 (1ms, 371917B)
[2026-08-19T00:05:43.385Z] GET file:///Users/devpark/KimMuGan/account_CD/cleandino.github.io/apps/script.js → 200 (2ms, 67369B)
[2026-08-19T00:05:43.389Z] GET https://fonts.gstatic.com/s/inter/v20/UcC73FwrK3iLTeHuS_nVMrMxCp50SjIa1ZL7W0Q5nw.woff2 → 200 (2ms, 48432B)
